// Jest Snapshot v1, https://goo.gl/fbAQLP

exports[`Subscription renders broadcasting subscription 1`] = `ShallowWrapper {}`;

exports[`Subscription renders empty subscription 1`] = `ShallowWrapper {}`;

exports[`Subscription renders non-broadcasting subscription with new videos 1`] = `ShallowWrapper {}`;
